// Jest Snapshot v1, https://goo.gl/fbAQLP

exports[`Modal Component matches snapshot 1`] = `
<DocumentFragment>
  <div
    class="modalBackdrop"
  >
    <div
      class="modalContainer"
    >
      <h3
        class="motalTitle"
      >
        Park Bench
      </h3>
      <img
        alt="current category"
        src="1.jpg"
      />
      <p>
        Lorem Ipsum dolor sit amet, consectetur adipiscing elit.
      </p>
      <button
        type="button"
      >
        Close this modal
      </button>
    </div>
  </div>
</DocumentFragment>
`;
